[36mvite v6.4.3 [32mbuilding for production...[36m[39m
transforming...
[32m✓[39m 112 modules transformed.
rendering chunks...
[33m[plugin vite:reporter] 
(!) C:/Users/XSF/Documents/TokenTeamW/TokenTeamW/frontend/src/stores/auth.js is dynamically imported by C:/Users/XSF/Documents/TokenTeamW/TokenTeamW/frontend/src/services/api.js but also statically imported by C:/Users/XSF/Documents/TokenTeamW/TokenTeamW/frontend/src/main.js, C:/Users/XSF/Documents/TokenTeamW/TokenTeamW/frontend/src/router/index.js, C:/Users/XSF/Documents/TokenTeamW/TokenTeamW/frontend/src/views/HomeView.vue, C:/Users/XSF/Documents/TokenTeamW/TokenTeamW/frontend/src/views/LoginView.vue, C:/Users/XSF/Documents/TokenTeamW/TokenTeamW/frontend/src/views/ProfileView.vue, C:/Users/XSF/Documents/TokenTeamW/TokenTeamW/frontend/src/views/RedeemView.vue, C:/Users/XSF/Documents/TokenTeamW/TokenTeamW/frontend/src/views/RegisterView.vue, C:/Users/XSF/Documents/TokenTeamW/TokenTeamW/frontend/src/views/admin/AdminEventsView.vue, dynamic import will not move module into another chunk.
[39m
[33m[plugin vite:reporter] 
(!) C:/Users/XSF/Documents/TokenTeamW/TokenTeamW/frontend/src/router/index.js is dynamically imported by C:/Users/XSF/Documents/TokenTeamW/TokenTeamW/frontend/src/services/api.js but also statically imported by C:/Users/XSF/Documents/TokenTeamW/TokenTeamW/frontend/src/main.js, dynamic import will not move module into another chunk.
[39m
computing gzip size...
[2mdist/[22m[32mregisterSW.js                             [39m[1m[2m  0.13 kB[22m[1m[22m
[2mdist/[22m[32mmanifest.webmanifest                      [39m[1m[2m  0.54 kB[22m[1m[22m
[2mdist/[22m[32mindex.html                                [39m[1m[2m  1.01 kB[22m[1m[22m[2m │ gzip:  0.51 kB[22m
[2mdist/[22m[35massets/ScanView-mUWOQPfM.css              [39m[1m[2m  0.28 kB[22m[1m[22m[2m │ gzip:  0.20 kB[22m
[2mdist/[22m[35massets/Confetti-BFoIFHAZ.css              [39m[1m[2m  0.48 kB[22m[1m[22m[2m │ gzip:  0.29 kB[22m
[2mdist/[22m[35massets/index-DSUFuVhG.css                 [39m[1m[2m 72.48 kB[22m[1m[22m[2m │ gzip: 11.69 kB[22m
[2mdist/[22m[36massets/LoadingSpinner-DiiH1C1h.js         [39m[1m[2m  0.49 kB[22m[1m[22m[2m │ gzip:  0.35 kB[22m
[2mdist/[22m[36massets/StatTile-C83qBoeG.js               [39m[1m[2m  0.72 kB[22m[1m[22m[2m │ gzip:  0.44 kB[22m
[2mdist/[22m[36massets/AlertMessage-B6S6or1j.js           [39m[1m[2m  0.73 kB[22m[1m[22m[2m │ gzip:  0.45 kB[22m
[2mdist/[22m[36massets/Confetti-kQpACm6s.js               [39m[1m[2m  1.01 kB[22m[1m[22m[2m │ gzip:  0.66 kB[22m
[2mdist/[22m[36massets/badges-DH66tLM0.js                 [39m[1m[2m  1.02 kB[22m[1m[22m[2m │ gzip:  0.55 kB[22m
[2mdist/[22m[36massets/ProgressBar-BdbisCKf.js            [39m[1m[2m  1.16 kB[22m[1m[22m[2m │ gzip:  0.65 kB[22m
[2mdist/[22m[36massets/events-Be89-vFX.js                 [39m[1m[2m  1.54 kB[22m[1m[22m[2m │ gzip:  0.64 kB[22m
[2mdist/[22m[36massets/EventsView-DvA1PuqB.js             [39m[1m[2m  1.65 kB[22m[1m[22m[2m │ gzip:  0.92 kB[22m
[2mdist/[22m[36massets/AdminEventsView-DFDgDHqF.js        [39m[1m[2m  1.69 kB[22m[1m[22m[2m │ gzip:  1.00 kB[22m
[2mdist/[22m[36massets/BadgeCard-dF2rG2nI.js              [39m[1m[2m  2.08 kB[22m[1m[22m[2m │ gzip:  1.10 kB[22m
[2mdist/[22m[36massets/EventCard-DrOQTaMS.js              [39m[1m[2m  2.13 kB[22m[1m[22m[2m │ gzip:  1.18 kB[22m
[2mdist/[22m[36massets/ProfileView-5wxyJp99.js            [39m[1m[2m  2.60 kB[22m[1m[22m[2m │ gzip:  1.29 kB[22m
[2mdist/[22m[36massets/EventDetailView-D8ZAH2hD.js        [39m[1m[2m  2.95 kB[22m[1m[22m[2m │ gzip:  1.51 kB[22m
[2mdist/[22m[36massets/RedeemView-BQGTQ6O3.js             [39m[1m[2m  3.04 kB[22m[1m[22m[2m │ gzip:  1.53 kB[22m
[2mdist/[22m[36massets/LoginView-DIwKCt-b.js              [39m[1m[2m  3.10 kB[22m[1m[22m[2m │ gzip:  1.50 kB[22m
[2mdist/[22m[36massets/AdminEventNewView-CiExVejE.js      [39m[1m[2m  3.66 kB[22m[1m[22m[2m │ gzip:  1.49 kB[22m
[2mdist/[22m[36massets/HomeView-D2vY6iWD.js               [39m[1m[2m  3.82 kB[22m[1m[22m[2m │ gzip:  1.82 kB[22m
[2mdist/[22m[36massets/RegisterView-CNbjgoVV.js           [39m[1m[2m  4.07 kB[22m[1m[22m[2m │ gzip:  1.56 kB[22m
[2mdist/[22m[36massets/BadgesView-FVPb3tRw.js             [39m[1m[2m  4.75 kB[22m[1m[22m[2m │ gzip:  2.22 kB[22m
[2mdist/[22m[36massets/AdminEventDetailView-DQLEXdHa.js   [39m[1m[2m  8.40 kB[22m[1m[22m[2m │ gzip:  3.40 kB[22m
[2mdist/[22m[36massets/ScanView-B4Xr0cTC.js               [39m[1m[2m 21.96 kB[22m[1m[22m[2m │ gzip:  8.14 kB[22m
[2mdist/[22m[36massets/qr-scanner-worker.min-D85Z9gVD.js  [39m[1m[2m 43.95 kB[22m[1m[22m[2m │ gzip: 10.46 kB[22m
[2mdist/[22m[36massets/index-BKbuCeVr.js                  [39m[1m[2m158.90 kB[22m[1m[22m[2m │ gzip: 61.49 kB[22m
[32m✓ built in 1.89s[39m

PWA v0.21.2
mode      generateSW
precache  37 entries (358.38 KiB)
files generated
  dist/sw.js
  dist/workbox-9c191d2f.js
